"""

say_my_name = __import__('3-say_my_name').say_my_name

>>> say_my_name("John", "Smith")
My name is John Smith

>>> say_my_name("Bob")
My name is Bob

>>> say_my_name("Juan",)
My name is Juan

>>> say_my_name(12, "Smith")
Traceback (most recent call last):
    ...
TypeError: first_name must be a string

>>> say_my_name(1.2, "Smith")
Traceback (most recent call last):
    ...
TypeError: first_name must be a string

"""
